#-----------------------------------------------------------
# Webtalk v2018.2 (64-bit)
# SW Build 2258646 on Thu Jun 14 20:03:12 MDT 2018
# IP Build 2256618 on Thu Jun 14 22:10:49 MDT 2018
# Start of session at: Sun May  3 12:14:36 2020
# Process ID: 103852
# Current directory: C:/Coding_Projects/ES_project/REPOSITORY/Test_Projects/wrapper3.0/wrapper/wrapper.sim/sim_1/behav/xsim
# Command line: wbtcv.exe -mode batch -source C:/Coding_Projects/ES_project/REPOSITORY/Test_Projects/wrapper3.0/wrapper/wrapper.sim/sim_1/behav/xsim/xsim.dir/range_reduction_tb_behav/webtalk/xsim_webtalk.tcl -notrace
# Log file: C:/Coding_Projects/ES_project/REPOSITORY/Test_Projects/wrapper3.0/wrapper/wrapper.sim/sim_1/behav/xsim/webtalk.log
# Journal file: C:/Coding_Projects/ES_project/REPOSITORY/Test_Projects/wrapper3.0/wrapper/wrapper.sim/sim_1/behav/xsim\webtalk.jou
#-----------------------------------------------------------
source C:/Coding_Projects/ES_project/REPOSITORY/Test_Projects/wrapper3.0/wrapper/wrapper.sim/sim_1/behav/xsim/xsim.dir/range_reduction_tb_behav/webtalk/xsim_webtalk.tcl -notrace
